MPLINK 5.09, LINKER
Linker Map File - Created Wed May 29 11:59:39 2019

                                 Section Info
                  Section       Type    Address   Location Size(Bytes)
                ---------  ---------  ---------  ---------  ---------
                   .org_0       code   0x000000    program   0x000090
                   .cinit    romdata   0x000090    program   0x000002
.config_300001_BUILD/DEFAULT/PRODUCTION/IOPATTE    romdata   0x300001    program   0x000001
.config_300003_BUILD/DEFAULT/PRODUCTION/IOPATTE    romdata   0x300003    program   0x000001
.config_300005_BUILD/DEFAULT/PRODUCTION/IOPATTE    romdata   0x300005    program   0x000001
.config_300006_BUILD/DEFAULT/PRODUCTION/IOPATTE    romdata   0x300006    program   0x000001



                              Program Memory Usage 
                               Start         End      
                           ---------   ---------      
                            0x000000    0x000091      
                            0x300001    0x300001      
                            0x300003    0x300003      
                            0x300005    0x300006      
            150 out of 33048 program addresses used, program memory utilization is 0%



                              Symbols - Sorted by Name
                     Name    Address   Location    Storage File                     
                ---------  ---------  ---------  --------- ---------                
               Delay_four   0x000080    program     static C:\Users\JORGE VILLAREAL\Documents\GitHub\Microcontroller IO\Curiosity-Board-I-O\Board.X\IOPattern.asm
                Delay_one   0x000050    program     static C:\Users\JORGE VILLAREAL\Documents\GitHub\Microcontroller IO\Curiosity-Board-I-O\Board.X\IOPattern.asm
              Delay_three   0x000070    program     static C:\Users\JORGE VILLAREAL\Documents\GitHub\Microcontroller IO\Curiosity-Board-I-O\Board.X\IOPattern.asm
                Delay_two   0x000060    program     static C:\Users\JORGE VILLAREAL\Documents\GitHub\Microcontroller IO\Curiosity-Board-I-O\Board.X\IOPattern.asm
                     LED1   0x00001a    program     static C:\Users\JORGE VILLAREAL\Documents\GitHub\Microcontroller IO\Curiosity-Board-I-O\Board.X\IOPattern.asm
                     LED2   0x000026    program     static C:\Users\JORGE VILLAREAL\Documents\GitHub\Microcontroller IO\Curiosity-Board-I-O\Board.X\IOPattern.asm
                     LED3   0x000034    program     static C:\Users\JORGE VILLAREAL\Documents\GitHub\Microcontroller IO\Curiosity-Board-I-O\Board.X\IOPattern.asm
                     LED4   0x000042    program     static C:\Users\JORGE VILLAREAL\Documents\GitHub\Microcontroller IO\Curiosity-Board-I-O\Board.X\IOPattern.asm
                 MainLoop   0x000008    program     static C:\Users\JORGE VILLAREAL\Documents\GitHub\Microcontroller IO\Curiosity-Board-I-O\Board.X\IOPattern.asm
                    Start   0x000000    program     static C:\Users\JORGE VILLAREAL\Documents\GitHub\Microcontroller IO\Curiosity-Board-I-O\Board.X\IOPattern.asm



                              Symbols - Sorted by Address
                     Name    Address   Location    Storage File                     
                ---------  ---------  ---------  --------- ---------                
                    Start   0x000000    program     static C:\Users\JORGE VILLAREAL\Documents\GitHub\Microcontroller IO\Curiosity-Board-I-O\Board.X\IOPattern.asm
                 MainLoop   0x000008    program     static C:\Users\JORGE VILLAREAL\Documents\GitHub\Microcontroller IO\Curiosity-Board-I-O\Board.X\IOPattern.asm
                     LED1   0x00001a    program     static C:\Users\JORGE VILLAREAL\Documents\GitHub\Microcontroller IO\Curiosity-Board-I-O\Board.X\IOPattern.asm
                     LED2   0x000026    program     static C:\Users\JORGE VILLAREAL\Documents\GitHub\Microcontroller IO\Curiosity-Board-I-O\Board.X\IOPattern.asm
                     LED3   0x000034    program     static C:\Users\JORGE VILLAREAL\Documents\GitHub\Microcontroller IO\Curiosity-Board-I-O\Board.X\IOPattern.asm
                     LED4   0x000042    program     static C:\Users\JORGE VILLAREAL\Documents\GitHub\Microcontroller IO\Curiosity-Board-I-O\Board.X\IOPattern.asm
                Delay_one   0x000050    program     static C:\Users\JORGE VILLAREAL\Documents\GitHub\Microcontroller IO\Curiosity-Board-I-O\Board.X\IOPattern.asm
                Delay_two   0x000060    program     static C:\Users\JORGE VILLAREAL\Documents\GitHub\Microcontroller IO\Curiosity-Board-I-O\Board.X\IOPattern.asm
              Delay_three   0x000070    program     static C:\Users\JORGE VILLAREAL\Documents\GitHub\Microcontroller IO\Curiosity-Board-I-O\Board.X\IOPattern.asm
               Delay_four   0x000080    program     static C:\Users\JORGE VILLAREAL\Documents\GitHub\Microcontroller IO\Curiosity-Board-I-O\Board.X\IOPattern.asm


