MPLINK 5.09, LINKER
Linker Map File - Created Mon May 20 21:26:47 2019

                                 Section Info
                  Section       Type    Address   Location Size(Bytes)
                ---------  ---------  ---------  ---------  ---------
                   .org_0       code   0x000000    program   0x000018
                   .cinit    romdata   0x000018    program   0x000002
.config_300001_BUILD/DEFAULT/PRODUCTION/IOPATTE    romdata   0x300001    program   0x000001
.config_300003_BUILD/DEFAULT/PRODUCTION/IOPATTE    romdata   0x300003    program   0x000001
.config_300005_BUILD/DEFAULT/PRODUCTION/IOPATTE    romdata   0x300005    program   0x000001
.config_300006_BUILD/DEFAULT/PRODUCTION/IOPATTE    romdata   0x300006    program   0x000001



                              Program Memory Usage 
                               Start         End      
                           ---------   ---------      
                            0x000000    0x000019      
                            0x300001    0x300001      
                            0x300003    0x300003      
                            0x300005    0x300006      
            30 out of 33048 program addresses used, program memory utilization is 0%



                              Symbols - Sorted by Name
                     Name    Address   Location    Storage File                     
                ---------  ---------  ---------  --------- ---------                
                    Delay   0x000008    program     static C:\Users\JORGE VILLAREAL\Documents\GitHub\Microcontroller IO\Curiosity-Board-I-O\Board.X\IOPattern.asm
                 MainLoop   0x000006    program     static C:\Users\JORGE VILLAREAL\Documents\GitHub\Microcontroller IO\Curiosity-Board-I-O\Board.X\IOPattern.asm
                    Start   0x000000    program     static C:\Users\JORGE VILLAREAL\Documents\GitHub\Microcontroller IO\Curiosity-Board-I-O\Board.X\IOPattern.asm



                              Symbols - Sorted by Address
                     Name    Address   Location    Storage File                     
                ---------  ---------  ---------  --------- ---------                
                    Start   0x000000    program     static C:\Users\JORGE VILLAREAL\Documents\GitHub\Microcontroller IO\Curiosity-Board-I-O\Board.X\IOPattern.asm
                 MainLoop   0x000006    program     static C:\Users\JORGE VILLAREAL\Documents\GitHub\Microcontroller IO\Curiosity-Board-I-O\Board.X\IOPattern.asm
                    Delay   0x000008    program     static C:\Users\JORGE VILLAREAL\Documents\GitHub\Microcontroller IO\Curiosity-Board-I-O\Board.X\IOPattern.asm


